// Jest Snapshot v1, https://goo.gl/fbAQLP

exports[`CharacterContainer should match the snapshot 1`] = `ShallowWrapper {}`;
