// Jest Snapshot v1, https://goo.gl/fbAQLP

exports[`Character should match the snapshot 1`] = `ShallowWrapper {}`;
